/home/petronio/Nextcloud/code/FLEHET1D/FLHET_noncompiled.py:336: RuntimeWarning: invalid value encountered in power
  if (np.any(np.isnan( K0 * np.exp(-epsilon / Te) * (np.log(1 + A * Te + B * Te**2)) ** C))):
StationaryCodeBField Magnetic Field
Iter = 0 	 Time = 0.0000 µs 	 J = 0.0000 A 	 V = 269.4478 V
File removed:./Results_SPT_1/test_10time_vec_njit.dat
Iter = 500 	 Time = 0.9308 µs 	 J = 7.0831 A 	 V = 269.4478 V
Iter = 1000 	 Time = 1.4983 µs 	 J = 8.5581 A 	 V = 269.4478 V
Iter = 1500 	 Time = 2.0586 µs 	 J = 9.3241 A 	 V = 269.4478 V
Iter = 2000 	 Time = 2.6376 µs 	 J = 9.7602 A 	 V = 269.4478 V
Iter = 2500 	 Time = 3.2241 µs 	 J = 10.0598 A 	 V = 269.4478 V
Iter = 3000 	 Time = 3.8151 µs 	 J = 10.1431 A 	 V = 269.4478 V
Iter = 3500 	 Time = 4.4188 µs 	 J = 10.0869 A 	 V = 269.4478 V
Iter = 4000 	 Time = 5.0454 µs 	 J = 9.8834 A 	 V = 269.4478 V
Iter = 4500 	 Time = 5.7067 µs 	 J = 9.5492 A 	 V = 269.4478 V
Iter = 5000 	 Time = 6.4111 µs 	 J = 9.1478 A 	 V = 269.4478 V
Iter = 5500 	 Time = 7.1634 µs 	 J = 8.6798 A 	 V = 269.4478 V
Iter = 6000 	 Time = 7.9697 µs 	 J = 8.1455 A 	 V = 269.4478 V
Iter = 6500 	 Time = 8.8366 µs 	 J = 7.5369 A 	 V = 269.4478 V
Iter = 7000 	 Time = 9.7719 µs 	 J = 6.8659 A 	 V = 269.4478 V
Iter = 7500 	 Time = 10.7822 µs 	 J = 6.1473 A 	 V = 269.4478 V
Iter = 8000 	 Time = 11.8726 µs 	 J = 5.4057 A 	 V = 269.4478 V
Iter = 8500 	 Time = 13.0449 µs 	 J = 4.6699 A 	 V = 269.4478 V
Iter = 9000 	 Time = 14.2976 µs 	 J = 3.9680 A 	 V = 269.4478 V
Iter = 9500 	 Time = 15.6256 µs 	 J = 3.3232 A 	 V = 269.4478 V
Iter = 10000 	 Time = 17.0207 µs 	 J = 2.7510 A 	 V = 269.4478 V
Iter = 10500 	 Time = 18.4724 µs 	 J = 2.2584 A 	 V = 269.4478 V
Iter = 11000 	 Time = 19.9688 µs 	 J = 1.8451 A 	 V = 269.4478 V
Iter = 11500 	 Time = 21.4975 µs 	 J = 1.5055 A 	 V = 269.4478 V
Iter = 12000 	 Time = 23.0461 µs 	 J = 1.2309 A 	 V = 269.4478 V
Iter = 12500 	 Time = 24.6027 µs 	 J = 1.0114 A 	 V = 269.4478 V
Iter = 13000 	 Time = 26.1562 µs 	 J = 0.8375 A 	 V = 269.4478 V
Iter = 13500 	 Time = 27.6967 µs 	 J = 0.7003 A 	 V = 269.4478 V
Iter = 14000 	 Time = 29.2156 µs 	 J = 0.5923 A 	 V = 269.4478 V
Iter = 14500 	 Time = 30.7054 µs 	 J = 0.5074 A 	 V = 269.4478 V
Iter = 15000 	 Time = 32.1602 µs 	 J = 0.4405 A 	 V = 269.4478 V
Iter = 15500 	 Time = 33.5754 µs 	 J = 0.3877 A 	 V = 269.4478 V
Iter = 16000 	 Time = 34.9476 µs 	 J = 0.3460 A 	 V = 269.4478 V
Iter = 16500 	 Time = 36.2745 µs 	 J = 0.3129 A 	 V = 269.4478 V
Iter = 17000 	 Time = 37.5549 µs 	 J = 0.2867 A 	 V = 269.4478 V
Iter = 17500 	 Time = 38.7880 µs 	 J = 0.2659 A 	 V = 269.4478 V
Iter = 18000 	 Time = 39.9737 µs 	 J = 0.2495 A 	 V = 269.4478 V
Iter = 18500 	 Time = 41.1121 µs 	 J = 0.2367 A 	 V = 269.4478 V
Iter = 19000 	 Time = 42.2037 µs 	 J = 0.2268 A 	 V = 269.4478 V
Iter = 19500 	 Time = 43.2488 µs 	 J = 0.2193 A 	 V = 269.4478 V
Iter = 20000 	 Time = 44.2478 µs 	 J = 0.2138 A 	 V = 269.4478 V
Iter = 20500 	 Time = 45.2012 µs 	 J = 0.2101 A 	 V = 269.4478 V
Iter = 21000 	 Time = 46.1094 µs 	 J = 0.2079 A 	 V = 269.4478 V
Iter = 21500 	 Time = 46.9728 µs 	 J = 0.2070 A 	 V = 269.4478 V
Iter = 22000 	 Time = 47.7922 µs 	 J = 0.2072 A 	 V = 269.4478 V
Iter = 22500 	 Time = 48.5684 µs 	 J = 0.2085 A 	 V = 269.4478 V
Iter = 23000 	 Time = 49.3027 µs 	 J = 0.2106 A 	 V = 269.4478 V
Iter = 23500 	 Time = 49.9964 µs 	 J = 0.2136 A 	 V = 269.4478 V
Iter = 24000 	 Time = 50.6513 µs 	 J = 0.2172 A 	 V = 269.4478 V
Iter = 24500 	 Time = 51.2691 µs 	 J = 0.2215 A 	 V = 269.4478 V
Iter = 25000 	 Time = 51.8517 µs 	 J = 0.2262 A 	 V = 269.4478 V
Iter = 25500 	 Time = 52.4013 µs 	 J = 0.2315 A 	 V = 269.4478 V
Iter = 26000 	 Time = 52.9199 µs 	 J = 0.2371 A 	 V = 269.4478 V
Iter = 26500 	 Time = 53.4094 µs 	 J = 0.2431 A 	 V = 269.4478 V
Iter = 27000 	 Time = 53.8719 µs 	 J = 0.2494 A 	 V = 269.4478 V
Iter = 27500 	 Time = 54.3093 µs 	 J = 0.2560 A 	 V = 269.4478 V
Iter = 28000 	 Time = 54.7234 µs 	 J = 0.2628 A 	 V = 269.4478 V
Iter = 28500 	 Time = 55.1160 µs 	 J = 0.2698 A 	 V = 269.4478 V
Iter = 29000 	 Time = 55.4887 µs 	 J = 0.2770 A 	 V = 269.4478 V
Iter = 29500 	 Time = 55.8431 µs 	 J = 0.2843 A 	 V = 269.4478 V
Iter = 30000 	 Time = 56.1806 µs 	 J = 0.2918 A 	 V = 269.4478 V
Iter = 30500 	 Time = 56.5026 µs 	 J = 0.2994 A 	 V = 269.4478 V
Iter = 31000 	 Time = 56.8103 µs 	 J = 0.3070 A 	 V = 269.4478 V
Iter = 31500 	 Time = 57.1048 µs 	 J = 0.3148 A 	 V = 269.4478 V
Iter = 32000 	 Time = 57.3874 µs 	 J = 0.3227 A 	 V = 269.4478 V
Iter = 32500 	 Time = 57.6590 µs 	 J = 0.3306 A 	 V = 269.4478 V
Iter = 33000 	 Time = 57.9206 µs 	 J = 0.3387 A 	 V = 269.4478 V
Iter = 33500 	 Time = 58.1730 µs 	 J = 0.3468 A 	 V = 269.4478 V
Iter = 34000 	 Time = 58.4172 µs 	 J = 0.3550 A 	 V = 269.4478 V
Iter = 34500 	 Time = 58.6539 µs 	 J = 0.3633 A 	 V = 269.4478 V
Iter = 35000 	 Time = 58.8839 µs 	 J = 0.3717 A 	 V = 269.4478 V
Iter = 35500 	 Time = 59.1080 µs 	 J = 0.3801 A 	 V = 269.4478 V
Iter = 36000 	 Time = 59.3269 µs 	 J = 0.3887 A 	 V = 269.4478 V
Iter = 36500 	 Time = 59.5413 µs 	 J = 0.3975 A 	 V = 269.4478 V
Iter = 37000 	 Time = 59.7519 µs 	 J = 0.4063 A 	 V = 269.4478 V
Iter = 37500 	 Time = 59.9594 µs 	 J = 0.4154 A 	 V = 269.4478 V
Iter = 38000 	 Time = 60.1645 µs 	 J = 0.4246 A 	 V = 269.4478 V
Iter = 38500 	 Time = 60.3681 µs 	 J = 0.4340 A 	 V = 269.4478 V
Iter = 39000 	 Time = 60.5708 µs 	 J = 0.4438 A 	 V = 269.4478 V
Iter = 39500 	 Time = 60.7737 µs 	 J = 0.4538 A 	 V = 269.4478 V
Iter = 40000 	 Time = 60.9776 µs 	 J = 0.4642 A 	 V = 269.4478 V
Iter = 40500 	 Time = 61.1837 µs 	 J = 0.4750 A 	 V = 269.4478 V
Iter = 41000 	 Time = 61.3932 µs 	 J = 0.4863 A 	 V = 269.4478 V
Iter = 41500 	 Time = 61.6074 µs 	 J = 0.4982 A 	 V = 269.4478 V
Iter = 42000 	 Time = 61.8283 µs 	 J = 0.5108 A 	 V = 269.4478 V
Iter = 42500 	 Time = 62.0576 µs 	 J = 0.5243 A 	 V = 269.4478 V
Iter = 43000 	 Time = 62.2980 µs 	 J = 0.5389 A 	 V = 269.4478 V
Iter = 43500 	 Time = 62.5523 µs 	 J = 0.5546 A 	 V = 269.4478 V
Iter = 44000 	 Time = 62.8237 µs 	 J = 0.5716 A 	 V = 269.4478 V
Iter = 44500 	 Time = 63.1159 µs 	 J = 0.5896 A 	 V = 269.4478 V
Iter = 45000 	 Time = 63.4329 µs 	 J = 0.6071 A 	 V = 269.4478 V
Iter = 45500 	 Time = 63.7802 µs 	 J = 0.6193 A 	 V = 269.4478 V
Iter = 46000 	 Time = 64.1628 µs 	 J = 0.6330 A 	 V = 269.4478 V
Iter = 46500 	 Time = 64.5779 µs 	 J = 0.6518 A 	 V = 269.4478 V
Iter = 47000 	 Time = 65.0234 µs 	 J = 0.6553 A 	 V = 269.4478 V
Iter = 47500 	 Time = 65.5207 µs 	 J = 0.5884 A 	 V = 269.4478 V
Iter = 48000 	 Time = 66.0590 µs 	 J = 0.4427 A 	 V = 269.4478 V
Iter = 48500 	 Time = 66.6642 µs 	 J = 0.4078 A 	 V = 269.4478 V
NaN encountered in computeKprocess: 9.02951389e-15 9.447 3.12421531 -0.0301100074 0.559327899
Te value: [  5.21977394   5.17614646   5.29503408   5.4235699    5.52973811
   5.62501638   5.71399447   5.79670512   5.87352353   5.94531278
   6.01288722   6.07691372   6.1379471    6.19644582   6.25277792
   6.30723105   6.36002518   6.41132483   6.46125027   6.50988756
   6.55729743   6.60352302   6.64859663   6.69254557   6.73539688
   6.77718073   6.81793181   6.85768621   6.89643943   6.93361994
   6.97084797   7.00937111   7.04768123   7.08459717   7.12043678
   7.15569365   7.19042587   7.22446824   7.25768565   7.29001085
   7.32137868   7.35167621   7.38073535   7.40834691   7.43427523
   7.45826712   7.48005743   7.49937452   7.51594679   7.52950981
   7.53981331   7.5466271    7.54974579   7.54899219   7.54421963
   7.53531343   7.52219178   7.50480627   7.48314222   7.4572189
   7.4270898    7.39284289   7.35460078   7.3125209    7.26679537
   7.21765074   7.16534721   7.11017756   7.05246539   6.99256283
   6.93084767   6.86771965   6.80359633   6.73890814   6.67409303
   6.60959049   6.54583501   6.48324904   6.42223566   6.36317126
   6.30639866   6.25222086   6.20089601   6.15263359   6.10759184
   6.0658768    6.02754248   5.9925924    5.96098223   5.93262341
   5.90738752   5.8851113    5.86560217   5.8486439    5.83400267
   5.82143304   5.81068404   5.80150519   5.79365258   5.78689473
   5.78101851   5.77583476   5.77118382   5.76694063   5.7630194
   5.75937769   5.75601968   5.75299848   5.7504174    5.74842988
   5.74723817   5.74709048   5.74827685   5.75112352   5.75598614
   5.76324185   5.7732805    5.78649535   5.80327348   5.82398627
   5.84898041   5.87856965   5.91302761   5.95258208   5.9974107
   6.04763843   6.10333656   6.16452334   6.23116599   6.3031838
   6.38045218   6.46280723   6.55005056   6.64195405   6.73826443
   6.83870693   6.94298886   7.0507744    7.16172648   7.27554083
   7.39188428   7.51040861   7.63075691   7.75256741   7.87547639
   7.99912138   8.12314479   8.24719818   8.37094735   8.49407809
   8.61630288   8.73736838   8.85706388   8.97523058   9.09177184
   9.20666445   9.31997122   9.43185524   9.54259656   9.65261227
   9.76248102   9.87297321   9.98508778  10.10009524  10.21958487
  10.34551037  10.48022335  10.62647779  10.7873834   10.966284
  11.1665446   11.39125038  11.64285421  11.92284684  12.23155193
  12.56814954  12.93100836  13.31839506  13.72968066  14.16717935
  14.63855433  15.16179459  15.78563389  16.6419617   18.39971496
  21.67456151  25.97123485  31.28367226  37.77722147  45.72936127
  55.53194917  67.69276857  82.77593557 100.53800908 103.80791592
  96.29054912  82.36938704  65.54782183  47.85977747  30.40648706]/home/petronio/Nextcloud/code/FLEHET1D/FLHET_noncompiled.py:341: RuntimeWarning: invalid value encountered in power
  return K0 * np.exp(-epsilon / Te) * (np.log(1 + A * Te + B * Te**2)) ** C

Corresponding log argument: [16.48731921 16.36467387 16.69862064 17.05871091 17.35538856 17.62105728
 17.8686653  18.09840472 18.31140872 18.51014649 18.69693262 18.87365802
 19.041892   19.20292884 19.35780656 19.50733669 19.65214065 19.79268473
 19.92931179 20.06226935 20.19173443 20.31783518 20.44066952 20.5603211
 20.67687238 20.79041379 20.90104752 21.00887903 21.11390329 21.21458039
 21.31530274 21.41944124 21.52291523 21.62254    21.71918157 21.8141763
 21.90768423 21.99926444 22.08855807 22.17538949 22.25958912 22.34085949
 22.41875606 22.49272512 22.56214312 22.62634063 22.68461711 22.73625527
 22.78053808 22.81676758 22.84428284 22.86247541 22.87080126 22.86878946
 22.85604787 22.83226679 22.79722105 22.75077129 22.69286483 22.62353651
 22.54290958 22.45119679 22.34870146 22.23581846 22.11303482 21.98092969
 21.84017343 21.69152547 21.53583082 21.3740149  21.20707652 21.03607913
 20.86214    20.68641773 20.51009797 20.33437736 20.16044569 19.98946647
 19.82255637 19.66076443 19.50505225 19.35627593 19.21517102 19.08234073
 18.95824803 18.84321163 18.73740574 18.64086351 18.55348375 18.47504045
 18.40519475 18.34350873 18.28946059 18.24246077 18.20186869 18.16700971
 18.13719226 18.1117249  18.08993323 18.07117666 18.05486481 18.04047349
 18.02755999 18.01577749 18.00488805 17.99477402 17.98544718 17.97705527
 17.96988542 17.96436413 17.96105345 17.96064316 17.96393899 17.97184695
 17.98535403 18.00550582 18.03338166 18.07006808 18.11663152 18.17409126
 18.24339358 18.32538827 18.42080825 18.53025315 18.65417744 18.79288326
 18.94651815 19.11507734 19.29840999 19.49622893 19.70812287 19.93357021
 20.1719537  20.42257488 20.68466786 20.95741071 21.23993635 21.53126589
 21.83042342 22.13652813 22.44862865 22.76574133 23.08686848 23.41100904
 23.73716706 24.06436028 24.39162998 24.71805219 25.04275056 25.36491097
 25.68379808 25.99877373 26.30931734 26.61504825 26.91575007 27.21139741
 27.50218543 27.78856349 28.07127439 28.35140162 28.63042722 28.91030302
 29.19353682 29.4832924  29.7834969  30.0989403  30.43533913 30.79932145
 31.19827785 31.64002141 32.13222103 32.68162665 33.29318958 33.96927431
 34.70921763 35.50947715 36.36453053 37.26863127 38.21861773 39.21797004
 40.28180419 41.44702182 42.81471963 44.65395778 48.29094291 54.5707184
 61.8303778  69.26922259 76.05362623 80.90309147 81.6406039  74.51336833
 53.30042511 10.75370628  0.85032906 22.65633798 54.05185347 76.41735144
 81.55552216 68.15807091]
Corresponding log term: [ 2.80259155  2.79512498  2.81532612  2.83666098  2.85390304  2.86909462
  2.88304864  2.8958238   2.90752429  2.91831904  2.92835948  2.93776719
  2.94664139  2.95506281  2.96309578  2.97079064  2.97818627  2.98531241
  2.9921916   2.9988409   3.00527333  3.01149908  3.01752652  3.02336306
  3.0290158   3.034492    3.03979928  3.04494516  3.04993175  3.0546887
  3.05942525  3.06429898  3.06911819  3.07373629  3.07819581  3.08256005
  3.08683745  3.09100902  3.09505974  3.09898309  3.10277289  3.10641727
  3.10989793  3.11319193  3.11627342  3.11911474  3.12168703  3.1239608
  3.12590658  3.12749569  3.12870088  3.12949694  3.12986104  3.12977308
  3.12921576  3.12817475  3.12663864  3.12459905  3.12205055  3.1189908
  3.11542059  3.11134392  3.10676822  3.10170443  3.09616725  3.09017525
  3.08375109  3.07692165  3.0697181   3.06217593  3.05433492  3.04623902
  3.03793603  3.02947734  3.02091735  3.01231292  3.00372255  2.99520546
  2.9868205   2.978625    2.97067352  2.9630167   2.95570012  2.94876334
  2.94223909  2.93615272  2.93052183  2.92535613  2.92065757  2.91642066
  2.91263295  2.90927576  2.90632497  2.90375189  2.90152426  2.8996073
  2.89796465  2.89655951  2.89535561  2.89431822  2.89341517  2.89261776
  2.8919017   2.8912479   2.89064328  2.89008138  2.88956294  2.88909624
  2.88869732  2.88839003  2.88820572  2.88818287  2.88836636  2.88880648
  2.88955776  2.89067759  2.89222458  2.89425687  2.89683039  2.89999702
  2.90380302  2.90828744  2.91348091  2.9194047   2.92607011  2.93347825
  2.94162018  2.95047741  2.96002271  2.97022106  2.98103088  2.99240526
  3.00429321  3.0166409   3.02939274  3.04249232  3.0558832   3.06950611
  3.08330457  3.0972291   3.11122953  3.12525683  3.13926399  3.15320638
  3.16704205  3.18073192  3.19424004  3.20753383  3.22058439  3.23336676
  3.24586037  3.25804937  3.26992315  3.28147678  3.29271162  3.30363591
  3.31426547  3.32462455  3.33474679  3.34467647  3.35447004  3.36419804
  3.37394734  3.38382374  3.39395444  3.40448997  3.4156044   3.42749266
  3.4403629   3.45442282  3.4698593   3.48681304  3.50535286  3.52545642
  3.54700529  3.56979962  3.59359386  3.61815199  3.64332277  3.66913506
  3.69589986  3.72441603  3.75688196  3.79894294  3.87724403  3.99949745
  4.12439479  4.23800069  4.3314387   4.39325204  4.40232674  4.31097855
  3.97594431  2.37525047 -0.16213187  3.12043964  3.98994384  4.33620978
  4.40128404  4.22182958]
epsilonLoss contains NaN values: [25.4917057  25.58162053 25.34090771 25.09526383 24.90290043 24.73779345
 24.58962928 24.45682514 24.3375107  24.22934821 24.1303558  24.03898116
 23.95398711 23.87438559 23.799397   23.72841193 23.66095589 23.59665972
 23.53523541 23.47645625 23.42014085 23.36614012 23.31432688 23.2645875
 23.2168156  23.17090772 23.1267616  23.08427927 23.04341069 23.0046954
 22.96640676 22.92727815 22.88885278 22.85227644 22.81718191 22.78305025
 22.74980032 22.71756475 22.68644258 22.65646635 22.62766572 22.60011294
 22.57392762 22.54926258 22.52629019 22.50519459 22.4861675  22.46940456
 22.45510115 22.44344792 22.4346269  22.42880842 22.42614924 22.42679158
 22.43086287 22.43847598 22.44972961 22.46470859 22.48348402 22.50611306
 22.53263825 22.56308639 22.59746696 22.6357701  22.6779641  22.72399264
 22.77377172 22.82718647 22.88408787 22.94428967 23.0075656  23.07364707
 23.14222164 23.21293238 23.2853785  23.35911745 23.43366904 23.50852155
 23.5831402  23.65697766 23.72948616 23.80013074 23.86840286 23.93383377
 23.99600686 24.05456842 24.10923634 24.15980613 24.20615426 24.24823861
 24.28609601 24.31983736 24.34964043 24.37574093 24.39842217 24.41800382
 24.43483018 24.44925812 24.46164515 24.47233772 24.48165986 24.48990245
 24.49731305 24.50408655 24.5103568  24.51618932 24.52157538 24.5264277
 24.53057803 24.53377699 24.53569637 24.5359343  24.53402342 24.52944216
 24.52162921 24.51000082 24.49397051 24.47297058 24.44647433 24.41401803
 24.37522124 24.32980422 24.27760144 24.21857    24.1527926  24.08047482
 24.00193702 23.91760165 23.82797692 23.73363817 23.63520818 23.53333772
 23.42868734 23.32191127 23.21364393 23.10448971 22.99501505 22.88577121
 22.77724844 22.66984739 22.56394326 22.45987318 22.3579327  22.25837614
 22.16141811 22.06723548 21.97596924 21.88772614 21.80258013 21.72057339
 21.64171708 21.56599161 21.49334659 21.42370041 21.35693933 21.29291617
 21.2314485  21.17231604 21.11525721 21.0599645  21.00607841 20.9531799
 20.90078148 20.84831795 20.79513855 20.74050412 20.6835944  20.62353245
 20.55943359 20.49048338 20.41604235 20.33576343 20.24969501 20.15833423
 20.06259998 19.96371328 19.86299799 19.76162726 19.66032931 19.55906398
 19.45672829 19.35053668 19.23301001 19.08573836 18.82503543 18.44655824
 18.08343508 17.75538545 17.45622826 17.17314368 16.88883776 16.57649809
 16.17784784 15.41610146         nan 15.68621948 16.18960332 16.63048606
 17.10690188 17.80307003]
step 2, S contains NaN values: [[-1.83797995e-04 -1.79685499e-04 -2.20164788e-04 -2.64830535e-04
  -3.04321311e-04 -3.41612274e-04 -3.77794404e-04 -4.12667792e-04
  -4.46216169e-04 -4.78628595e-04 -5.10108936e-04 -5.40834092e-04
  -5.70959836e-04 -6.00621524e-04 -6.29932652e-04 -6.58985780e-04
  -6.87855054e-04 -7.16599201e-04 -7.45264697e-04 -7.73889019e-04
  -8.02503880e-04 -8.31138369e-04 -8.59821886e-04 -8.88586784e-04
  -9.17470525e-04 -9.46517141e-04 -9.75777835e-04 -1.00531068e-03
  -1.03517597e-03 -1.06537600e-03 -1.09674365e-03 -1.12964910e-03
  -1.16330767e-03 -1.19727441e-03 -1.23180141e-03 -1.26715306e-03
  -1.30335404e-03 -1.34032369e-03 -1.37799881e-03 -1.41633897e-03
  -1.45528491e-03 -1.49473187e-03 -1.53452792e-03 -1.57448344e-03
  -1.61438048e-03 -1.65397912e-03 -1.69302272e-03 -1.73124371e-03
  -1.76837047e-03 -1.80413461e-03 -1.83827795e-03 -1.87055861e-03
  -1.90075577e-03 -1.92867322e-03 -1.95414175e-03 -1.97702050e-03
  -1.99719767e-03 -2.01459055e-03 -2.02914528e-03 -2.04083638e-03
  -2.04966606e-03 -2.05566357e-03 -2.05888441e-03 -2.05940956e-03
  -2.05734454e-03 -2.05281850e-03 -2.04598304e-03 -2.03701094e-03
  -2.02609473e-03 -2.01344488e-03 -1.99928794e-03 -1.98386439e-03
  -1.96742654e-03 -1.95023617e-03 -1.93256127e-03 -1.91467156e-03
  -1.89683251e-03 -1.87929852e-03 -1.86230575e-03 -1.84606526e-03
  -1.83075656e-03 -1.81652193e-03 -1.80346122e-03 -1.79162747e-03
  -1.78102332e-03 -1.77159851e-03 -1.76324875e-03 -1.75581613e-03
  -1.74909124e-03 -1.74281736e-03 -1.73669642e-03 -1.73039702e-03
  -1.72356414e-03 -1.71583045e-03 -1.70682873e-03 -1.69620517e-03
  -1.68363288e-03 -1.66882514e-03 -1.65154789e-03 -1.63163079e-03
  -1.60897637e-03 -1.58356694e-03 -1.55546873e-03 -1.52483331e-03
  -1.49189601e-03 -1.45697173e-03 -1.42044818e-03 -1.38277710e-03
  -1.34446389e-03 -1.30605622e-03 -1.26813210e-03 -1.23128807e-03
  -1.19612775e-03 -1.16325125e-03 -1.13324553e-03 -1.10667589e-03
  -1.08407850e-03 -1.06595393e-03 -1.05276135e-03 -1.04491343e-03
  -1.04277144e-03 -1.04664064e-03 -1.05676562e-03 -1.07332586e-03
  -1.09643126e-03 -1.12611817e-03 -1.16234593e-03 -1.20499442e-03
  -1.25386277e-03 -1.30866972e-03 -1.36905570e-03 -1.43458685e-03
  -1.50476099e-03 -1.57901526e-03 -1.65673530e-03 -1.73726506e-03
  -1.81991850e-03 -1.90395617e-03 -1.98864687e-03 -2.07331821e-03
  -2.15728722e-03 -2.23988720e-03 -2.32048399e-03 -2.39848774e-03
  -2.47336331e-03 -2.54463872e-03 -2.61191110e-03 -2.67485162e-03
  -2.73320997e-03 -2.78681846e-03 -2.83559523e-03 -2.87954663e-03
  -2.91876866e-03 -2.95344773e-03 -2.98386100e-03 -3.01037640e-03
  -3.03345293e-03 -3.05364191e-03 -3.07158982e-03 -3.08804385e-03
  -3.10386111e-03 -3.12002247e-03 -3.13765127e-03 -3.15803601e-03
  -3.18265395e-03 -3.21318930e-03 -3.25153504e-03 -3.29976176e-03
  -3.36003217e-03 -3.43443872e-03 -3.52474819e-03 -3.63205550e-03
  -3.75638264e-03 -3.89629901e-03 -4.04868097e-03 -4.20874493e-03
  -4.37046766e-03 -4.52746278e-03 -4.67434391e-03 -4.80850536e-03
  -4.93198654e-03 -5.05403203e-03 -5.19851806e-03 -5.40504743e-03
  -5.91669478e-03 -6.82115961e-03 -7.71585407e-03 -8.50155806e-03
  -9.15661268e-03 -9.65803214e-03 -9.94541320e-03 -9.91070721e-03
  -9.42408583e-03 -1.07626059e-02 -9.37458833e-03 -7.98826340e-03
  -6.69992724e-03 -5.48434891e-03 -4.27471565e-03 -2.98947597e-03]
 [ 1.83797995e-04  1.79685499e-04  2.20164788e-04  2.64830535e-04
   3.04321311e-04  3.41612274e-04  3.77794404e-04  4.12667792e-04
   4.46216169e-04  4.78628595e-04  5.10108936e-04  5.40834092e-04
   5.70959836e-04  6.00621524e-04  6.29932652e-04  6.58985780e-04
   6.87855054e-04  7.16599201e-04  7.45264697e-04  7.73889019e-04
   8.02503880e-04  8.31138369e-04  8.59821886e-04  8.88586784e-04
   9.17470525e-04  9.46517141e-04  9.75777835e-04  1.00531068e-03
   1.03517597e-03  1.06537600e-03  1.09674365e-03  1.12964910e-03
   1.16330767e-03  1.19727441e-03  1.23180141e-03  1.26715306e-03
   1.30335404e-03  1.34032369e-03  1.37799881e-03  1.41633897e-03
   1.45528491e-03  1.49473187e-03  1.53452792e-03  1.57448344e-03
   1.61438048e-03  1.65397912e-03  1.69302272e-03  1.73124371e-03
   1.76837047e-03  1.80413461e-03  1.83827795e-03  1.87055861e-03
   1.90075577e-03  1.92867322e-03  1.95414175e-03  1.97702050e-03
   1.99719767e-03  2.01459055e-03  2.02914528e-03  2.04083638e-03
   2.04966606e-03  2.05566357e-03  2.05888441e-03  2.05940956e-03
   2.05734454e-03  2.05281850e-03  2.04598304e-03  2.03701094e-03
   2.02609473e-03  2.01344488e-03  1.99928794e-03  1.98386439e-03
   1.96742654e-03  1.95023617e-03  1.93256127e-03  1.91467156e-03
   1.89683251e-03  1.87929852e-03  1.86230575e-03  1.84606526e-03
   1.83075656e-03  1.81652193e-03  1.80346122e-03  1.79162747e-03
   1.78102332e-03  1.77159851e-03  1.76324875e-03  1.75581613e-03
   1.74909124e-03  1.74281736e-03  1.73669642e-03  1.73039702e-03
   1.72356414e-03  1.71583045e-03  1.70682873e-03  1.69620517e-03
   1.68363288e-03  1.66882514e-03  1.65154789e-03  1.63163079e-03
   1.60897637e-03  1.58356694e-03  1.55546873e-03  1.52483331e-03
   1.49189601e-03  1.45697173e-03  1.42044818e-03  1.38277710e-03
   1.34446389e-03  1.30605622e-03  1.26813210e-03  1.23128807e-03
   1.19612775e-03  1.16325125e-03  1.13324553e-03  1.10667589e-03
   1.08407850e-03  1.06595393e-03  1.05276135e-03  1.04491343e-03
   1.04277144e-03  1.04664064e-03  1.05676562e-03  1.07332586e-03
   1.09643126e-03  1.12611817e-03  1.16234593e-03  1.20499442e-03
   1.25386277e-03  1.30866972e-03  1.36905570e-03  1.43458685e-03
   1.50476099e-03  1.57901526e-03  1.65673530e-03  1.73726506e-03
   1.81991850e-03  1.90395617e-03  1.98864687e-03  2.07331821e-03
   2.15728722e-03  2.23988720e-03  2.32048399e-03  2.39848774e-03
   2.47336331e-03  2.54463872e-03  2.61191110e-03  2.67485162e-03
   2.73320997e-03  2.78681846e-03  2.83559523e-03  2.87954663e-03
   2.91876866e-03  2.95344773e-03  2.98386100e-03  3.01037640e-03
   3.03345293e-03  3.05364191e-03  3.07158982e-03  3.08804385e-03
   3.10386111e-03  3.12002247e-03  3.13765127e-03  3.15803601e-03
   3.18265395e-03  3.21318930e-03  3.25153504e-03  3.29976176e-03
   3.36003217e-03  3.43443872e-03  3.52474819e-03  3.63205550e-03
   3.75638264e-03  3.89629901e-03  4.04868097e-03  4.20874493e-03
   4.37046766e-03  4.52746278e-03  4.67434391e-03  4.80850536e-03
   4.93198654e-03  5.05403203e-03  5.19851806e-03  5.40504743e-03
   5.91669478e-03  6.82115961e-03  7.71585407e-03  8.50155806e-03
   9.15661268e-03  9.65803214e-03  9.94541320e-03  9.91070721e-03
   9.42408583e-03  1.07626059e-02  9.37458833e-03  7.98826340e-03
   6.69992724e-03  5.48434891e-03  4.27471565e-03  2.98947597e-03]
 [ 1.21769902e+00  1.24890005e+00  1.29564010e+00  1.33800136e+00
   1.37969459e+00  1.42329190e+00  1.46898568e+00  1.51686013e+00
   1.56723118e+00  1.62044596e+00  1.67682780e+00  1.73669324e+00
   1.80036164e+00  1.86815620e+00  1.94040499e+00  2.01744301e+00
   2.09961418e+00  2.18727325e+00  2.28078734e+00  2.38053726e+00
   2.48691848e+00  2.60034177e+00  2.72123338e+00  2.85003478e+00
   2.98720174e+00  3.13320276e+00  3.28851684e+00  3.45362846e+00
   3.62899925e+00  3.81477710e+00  4.01203037e+00  4.22124521e+00
   4.44235737e+00  4.67586592e+00  4.92241690e+00  5.18248362e+00
   5.45641431e+00  5.74454394e+00  6.04721917e+00  6.36476985e+00
   6.69748302e+00  7.04559638e+00  7.40930310e+00  7.78875791e+00
   8.18408057e+00  8.59535748e+00  9.02264269e+00  9.46595901e+00
   9.92529911e+00  1.04006260e+01  1.08918728e+01  1.13989406e+01
   1.19216965e+01  1.24599695e+01  1.30135465e+01  1.35821678e+01
   1.41655223e+01  1.47632434e+01  1.53749051e+01  1.60000187e+01
   1.66380310e+01  1.72883227e+01  1.79502087e+01  1.86229397e+01
   1.93057043e+01  1.99976335e+01  2.06978058e+01  2.14052534e+01
   2.21189700e+01  2.28379187e+01  2.35610409e+01  2.42872641e+01
   2.50155094e+01  2.57446963e+01  2.64737512e+01  2.72016191e+01
   2.79272811e+01  2.86497728e+01  2.93682026e+01  3.00817650e+01
   3.07897484e+01  3.14915391e+01  3.21866206e+01  3.28745709e+01
   3.35550558e+01  3.42278195e+01  3.48926709e+01  3.55494653e+01
   3.61980810e+01  3.68383909e+01  3.74702306e+01  3.80933620e+01
   3.87074351e+01  3.93119493e+01  3.99062148e+01  4.04893166e+01
   4.10600821e+01  4.16170554e+01  4.21584768e+01  4.26822726e+01
   4.31860536e+01  4.36671247e+01  4.41225055e+01  4.45489636e+01
   4.49430584e+01  4.53011976e+01  4.56197036e+01  4.58948903e+01
   4.61231488e+01  4.63010405e+01  4.64253953e+01  4.64934149e+01
   4.65027779e+01  4.64517441e+01  4.63392575e+01  4.61650418e+01
   4.59296888e+01  4.56347325e+01  4.52827066e+01  4.48771811e+01
   4.44227717e+01  4.39251212e+01  4.33908464e+01  4.28274523e+01
   4.22432106e+01  4.16470067e+01  4.10481583e+01  4.04562125e+01
   3.98807291e+01  3.93310593e+01  3.88161296e+01  3.83442396e+01
   3.79228841e+01  3.75586039e+01  3.72568747e+01  3.70220375e+01
   3.68571303e+01  3.67639482e+01  3.67432947e+01  3.67949400e+01
   3.69176025e+01  3.71090413e+01  3.73661556e+01  3.76850878e+01
   3.80613266e+01  3.84898081e+01  3.89650150e+01  3.94810665e+01
   4.00317963e+01  4.06108197e+01  4.12115902e+01  4.18274471e+01
   4.24516566e+01  4.30774474e+01  4.36980439e+01  4.43066982e+01
   4.48967240e+01  4.54615326e+01  4.59946720e+01  4.64898709e+01
   4.69410883e+01  4.73425748e+01  4.76889615e+01  4.79754050e+01
   4.81978457e+01  4.83534674e+01  4.84414863e+01  4.84644227e+01
   4.84299967e+01  4.83537017e+01  4.82619023e+01  4.81949774e+01
   4.82096347e+01  4.83792078e+01  4.87907000e+01  4.95377089e+01
   5.07090878e+01  5.23739172e+01  5.45632025e+01  5.72462572e+01
   6.02927668e+01  6.33831627e+01  6.56477350e+01  6.21394291e+01
   5.53606227e+01  6.37980826e+01  7.11578616e+01  7.69249312e+01
   8.10516745e+01  8.37326668e+01  8.51745717e+01  8.54454153e+01
   8.44454605e+01  2.91842575e+02  2.89289146e+02  2.85187483e+02
   2.81165515e+02  2.77339212e+02  2.72662638e+02  2.62573469e+02]
 [-1.45017951e+05 -1.64903524e+05 -1.86415480e+05 -1.67725784e+05
  -1.51033523e+05 -1.39344728e+05 -1.29165072e+05 -1.19973111e+05
  -1.12010340e+05 -1.05225241e+05 -9.94304423e+04 -9.44487762e+04
  -9.01262283e+04 -8.63258570e+04 -8.29292098e+04 -7.98378301e+04
  -7.69724317e+04 -7.42710267e+04 -7.16868661e+04 -6.91863949e+04
  -6.67472572e+04 -6.43563450e+04 -6.20078258e+04 -5.97010702e+04
  -5.74385481e+04 -5.52241637e+04 -5.30642118e+04 -5.09914793e+04
  -4.93626394e+04 -4.84897322e+04 -4.76165489e+04 -4.58013120e+04
  -4.33406216e+04 -4.09698668e+04 -3.87961862e+04 -3.65507377e+04
  -3.40741631e+04 -3.13640097e+04 -2.84404902e+04 -2.52792009e+04
  -2.18252899e+04 -1.80255072e+04 -1.38438532e+04 -9.26170977e+03
  -4.27338608e+03  1.11664862e+03  6.89431436e+03  1.30358430e+04
   1.95082647e+04  2.62707013e+04  3.32761591e+04  4.04734076e+04
   4.78086539e+04  5.52268676e+04  6.26727326e+04  7.00912610e+04
   7.74281432e+04  8.46299141e+04  9.16440197e+04  9.84188543e+04
   1.04903829e+05  1.11049514e+05  1.16807879e+05  1.22132651e+05
   1.26979782e+05  1.31308030e+05  1.35079617e+05  1.38260967e+05
   1.40823462e+05  1.42744222e+05  1.44006839e+05  1.44602054e+05
   1.44528322e+05  1.43792274e+05  1.42409081e+05  1.40402706e+05
   1.37805963e+05  1.34660257e+05  1.31014931e+05  1.26926179e+05
   1.22455600e+05  1.17668499e+05  1.12632074e+05  1.07413590e+05
   1.02078643e+05  9.66895922e+04  9.13041862e+04  8.59744470e+04
   8.07458079e+04  7.56565179e+04  7.07373013e+04  6.60112448e+04
   6.14938815e+04  5.71934307e+04  5.31111537e+04  4.92417932e+04
   4.55740657e+04  4.20911918e+04  3.87714558e+04  3.55887942e+04
   3.25134207e+04  2.95124955e+04  2.65508476e+04  2.35917558e+04
   2.05977868e+04  1.75316843e+04  1.43572937e+04  1.10405007e+04
   7.55015598e+03  3.85895281e+03 -5.57781226e+01 -4.21139167e+03
  -8.61940377e+03 -1.32851491e+04 -1.82076433e+04 -2.33796651e+04
  -2.87880601e+04 -3.44142590e+04 -4.02349875e+04 -4.62231335e+04
  -5.23487255e+04 -5.85799667e+04 -6.48842638e+04 -7.12291891e+04
  -7.75833212e+04 -8.39169191e+04 -9.02023992e+04 -9.64146061e+04
  -1.02530884e+05 -1.08530975e+05 -1.14396787e+05 -1.20112065e+05
  -1.25662025e+05 -1.31032983e+05 -1.36211968e+05 -1.41186560e+05
  -1.45943466e+05 -1.50469148e+05 -1.54754471e+05 -1.58790470e+05
  -1.62564879e+05 -1.66067175e+05 -1.69288385e+05 -1.72221247e+05
  -1.74860544e+05 -1.77203516e+05 -1.79250274e+05 -1.81004245e+05
  -1.82472637e+05 -1.83666938e+05 -1.84603423e+05 -1.85303664e+05
  -1.85795043e+05 -1.86111255e+05 -1.86292828e+05 -1.86387664e+05
  -1.86451648e+05 -1.86549403e+05 -1.86755267e+05 -1.87154620e+05
  -1.87845647e+05 -1.88941585e+05 -1.90573376e+05 -1.92892389e+05
  -1.96072518e+05 -2.00310502e+05 -2.05822833e+05 -2.12837434e+05
  -2.21578698e+05 -2.32245959e+05 -2.44988069e+05 -2.59880035e+05
  -2.76910482e+05 -2.95989950e+05 -3.16990425e+05 -3.39830009e+05
  -3.64632386e+05 -3.92034315e+05 -4.23809014e+05 -4.64169819e+05
  -5.22799516e+05 -6.23994394e+05 -8.44398451e+05 -1.70082308e+06
  -3.53308353e+06 -4.36803658e+06 -5.38225778e+06 -6.65574073e+06
  -8.26351597e+06 -1.02355241e+07 -1.24797252e+07 -1.46515235e+07
  -1.64792195e+07  6.11174247e+06             nan  1.48992274e+07
   1.60205456e+07  1.60854635e+07  1.54709810e+07  1.38260168e+07]]
